=== syncing offline-run-20260528_040959-phase_lambda_arch_future_consistency_decoder_full_20260528_000000 ===
Find logs at: /tmp/debug-cli.zjy.log
Syncing: https://wandb.ai/junyuzhuzjy-zhejiang-university/sparsh-finetune-tactile-grasp/runs/phase_lambda_arch_future_consistency_decoder_full_20260528_000000 ... done.
=== syncing offline-run-20260528_040959-phase_lambda_best_z_only_20260528_000000 ===
Find logs at: /tmp/debug-cli.zjy.log
Syncing: https://wandb.ai/junyuzhuzjy-zhejiang-university/sparsh-finetune-tactile-grasp/runs/phase_lambda_best_z_only_20260528_000000 ... done.
=== syncing offline-run-20260528_041000-phase_lambda_arch_future_decoupled_lam100_old_full_20260528_000000 ===
Find logs at: /tmp/debug-cli.zjy.log
Syncing: https://wandb.ai/junyuzhuzjy-zhejiang-university/sparsh-finetune-tactile-grasp/runs/phase_lambda_arch_future_decoupled_lam100_old_full_20260528_000000 ... done.
=== syncing offline-run-20260528_041000-phase_lambda_arch_future_partially_shared_lam025_full_20260528_000000 ===
Find logs at: /tmp/debug-cli.zjy.log
Syncing: https://wandb.ai/junyuzhuzjy-zhejiang-university/sparsh-finetune-tactile-grasp/runs/phase_lambda_arch_future_partially_shared_lam025_full_20260528_000000 ... done.
=== syncing offline-run-20260528_041051-phase_lambda_best_z_p_slip_20260528_000000 ===
Find logs at: /tmp/debug-cli.zjy.log
Syncing: https://wandb.ai/junyuzhuzjy-zhejiang-university/sparsh-finetune-tactile-grasp/runs/phase_lambda_best_z_p_slip_20260528_000000 ... done.
=== syncing offline-run-20260528_041138-phase_lambda_best_z_force_20260528_000000 ===
Find logs at: /tmp/debug-cli.zjy.log
Syncing: https://wandb.ai/junyuzhuzjy-zhejiang-university/sparsh-finetune-tactile-grasp/runs/phase_lambda_best_z_force_20260528_000000 ... done.
=== syncing offline-run-20260528_041226-phase_lambda_best_z_force_slip_20260528_000000 ===
Find logs at: /tmp/debug-cli.zjy.log
Syncing: https://wandb.ai/junyuzhuzjy-zhejiang-university/sparsh-finetune-tactile-grasp/runs/phase_lambda_best_z_force_slip_20260528_000000 ... done.
=== syncing offline-run-20260528_041313-phase_lambda_best_full_20260528_000000 ===
Find logs at: /tmp/debug-cli.zjy.log
Syncing: https://wandb.ai/junyuzhuzjy-zhejiang-university/sparsh-finetune-tactile-grasp/runs/phase_lambda_best_full_20260528_000000 ... done.
=== syncing offline-run-20260528_041403-phase_lambda_best_full_plus_q_20260528_000000_full_plus_q ===
Find logs at: /tmp/debug-cli.zjy.log
Syncing: https://wandb.ai/junyuzhuzjy-zhejiang-university/sparsh-finetune-tactile-grasp/runs/phase_lambda_best_full_plus_q_20260528_000000_full_plus_q ... done.
