[] Phase B supervisor started; waiting for Phase A report and commit boundary
[] waiting for /home/zjy/document/tactile-grasp/sparsh-force-slip/reports/phase_lambda_decoupled/20260528_000000/phase_lambda_decoupled_report.json
[] Phase B supervisor started; waiting for Phase A report and commit boundary
[] waiting for /home/zjy/document/tactile-grasp/sparsh-force-slip/reports/phase_lambda_decoupled/20260528_000000/phase_lambda_decoupled_report.json
[2026-05-28 00:30:23] Phase B supervisor started; waiting for Phase A report and commit boundary
[2026-05-28 00:30:23] waiting for /home/zjy/document/tactile-grasp/sparsh-force-slip/reports/phase_lambda_decoupled/20260528_000000/phase_lambda_decoupled_report.json
[2026-05-28 00:35:23] waiting for /home/zjy/document/tactile-grasp/sparsh-force-slip/reports/phase_lambda_decoupled/20260528_000000/phase_lambda_decoupled_report.json
[2026-05-28 00:40:23] waiting for /home/zjy/document/tactile-grasp/sparsh-force-slip/reports/phase_lambda_decoupled/20260528_000000/phase_lambda_decoupled_report.json
[2026-05-28 00:45:23] waiting for /home/zjy/document/tactile-grasp/sparsh-force-slip/reports/phase_lambda_decoupled/20260528_000000/phase_lambda_decoupled_report.json
[2026-05-28 00:50:23] waiting for /home/zjy/document/tactile-grasp/sparsh-force-slip/reports/phase_lambda_decoupled/20260528_000000/phase_lambda_decoupled_report.json
[2026-05-28 00:55:23] waiting for /home/zjy/document/tactile-grasp/sparsh-force-slip/reports/phase_lambda_decoupled/20260528_000000/phase_lambda_decoupled_report.json
[2026-05-28 01:00:23] waiting for /home/zjy/document/tactile-grasp/sparsh-force-slip/reports/phase_lambda_decoupled/20260528_000000/phase_lambda_decoupled_report.json
[2026-05-28 01:05:23] waiting for /home/zjy/document/tactile-grasp/sparsh-force-slip/reports/phase_lambda_decoupled/20260528_000000/phase_lambda_decoupled_report.json
[2026-05-28 01:10:23] waiting for /home/zjy/document/tactile-grasp/sparsh-force-slip/reports/phase_lambda_decoupled/20260528_000000/phase_lambda_decoupled_report.json
[2026-05-28 01:15:23] waiting for /home/zjy/document/tactile-grasp/sparsh-force-slip/reports/phase_lambda_decoupled/20260528_000000/phase_lambda_decoupled_report.json
[2026-05-28 01:20:24] waiting for /home/zjy/document/tactile-grasp/sparsh-force-slip/reports/phase_lambda_decoupled/20260528_000000/phase_lambda_decoupled_report.json
[2026-05-28 01:25:24] waiting for /home/zjy/document/tactile-grasp/sparsh-force-slip/reports/phase_lambda_decoupled/20260528_000000/phase_lambda_decoupled_report.json
[2026-05-28 01:30:24] waiting for /home/zjy/document/tactile-grasp/sparsh-force-slip/reports/phase_lambda_decoupled/20260528_000000/phase_lambda_decoupled_report.json
[2026-05-28 01:35:24] waiting for /home/zjy/document/tactile-grasp/sparsh-force-slip/reports/phase_lambda_decoupled/20260528_000000/phase_lambda_decoupled_report.json
[2026-05-28 01:40:24] waiting for /home/zjy/document/tactile-grasp/sparsh-force-slip/reports/phase_lambda_decoupled/20260528_000000/phase_lambda_decoupled_report.json
[2026-05-28 01:45:24] waiting for /home/zjy/document/tactile-grasp/sparsh-force-slip/reports/phase_lambda_decoupled/20260528_000000/phase_lambda_decoupled_report.json
[2026-05-28 01:50:24] waiting for /home/zjy/document/tactile-grasp/sparsh-force-slip/reports/phase_lambda_decoupled/20260528_000000/phase_lambda_decoupled_report.json
[2026-05-28 01:55:24] waiting for /home/zjy/document/tactile-grasp/sparsh-force-slip/reports/phase_lambda_decoupled/20260528_000000/phase_lambda_decoupled_report.json
[2026-05-28 02:00:24] waiting for /home/zjy/document/tactile-grasp/sparsh-force-slip/reports/phase_lambda_decoupled/20260528_000000/phase_lambda_decoupled_report.json
[2026-05-28 02:05:24] waiting for /home/zjy/document/tactile-grasp/sparsh-force-slip/reports/phase_lambda_decoupled/20260528_000000/phase_lambda_decoupled_report.json
[2026-05-28 02:10:24] waiting for /home/zjy/document/tactile-grasp/sparsh-force-slip/reports/phase_lambda_decoupled/20260528_000000/phase_lambda_decoupled_report.json
[2026-05-28 02:15:24] waiting for /home/zjy/document/tactile-grasp/sparsh-force-slip/reports/phase_lambda_decoupled/20260528_000000/phase_lambda_decoupled_report.json
[2026-05-28 02:20:24] waiting for /home/zjy/document/tactile-grasp/sparsh-force-slip/reports/phase_lambda_decoupled/20260528_000000/phase_lambda_decoupled_report.json
[2026-05-28 02:25:24] waiting for /home/zjy/document/tactile-grasp/sparsh-force-slip/reports/phase_lambda_decoupled/20260528_000000/phase_lambda_decoupled_report.json
[2026-05-28 02:30:24] waiting for /home/zjy/document/tactile-grasp/sparsh-force-slip/reports/phase_lambda_decoupled/20260528_000000/phase_lambda_decoupled_report.json
[2026-05-28 02:35:24] waiting for /home/zjy/document/tactile-grasp/sparsh-force-slip/reports/phase_lambda_decoupled/20260528_000000/phase_lambda_decoupled_report.json
[2026-05-28 02:40:24] waiting for /home/zjy/document/tactile-grasp/sparsh-force-slip/reports/phase_lambda_decoupled/20260528_000000/phase_lambda_decoupled_report.json
[2026-05-28 02:45:24] waiting for /home/zjy/document/tactile-grasp/sparsh-force-slip/reports/phase_lambda_decoupled/20260528_000000/phase_lambda_decoupled_report.json
[2026-05-28 02:50:24] waiting for /home/zjy/document/tactile-grasp/sparsh-force-slip/reports/phase_lambda_decoupled/20260528_000000/phase_lambda_decoupled_report.json
[2026-05-28 02:55:24] waiting for /home/zjy/document/tactile-grasp/sparsh-force-slip/reports/phase_lambda_decoupled/20260528_000000/phase_lambda_decoupled_report.json
[2026-05-28 03:00:24] waiting for Phase A supervisor tmux to finish
[2026-05-28 03:02:24] waiting for Phase A supervisor tmux to finish
[2026-05-28 03:04:24] waiting for Phase A supervisor tmux to finish
[2026-05-28 03:06:24] Phase A artifacts already committed or unchanged
[2026-05-28 03:06:24] starting Phase B on CUDA_VISIBLE_DEVICES=0
