/home/zjy/document/sparsh/tactile_ssl/model/layers/swiglu_ffn.py:43: UserWarning: xFormers is available (SwiGLU)
  warnings.warn("xFormers is available (SwiGLU)")
/home/zjy/document/sparsh/tactile_ssl/model/layers/attention.py:31: UserWarning: xFormers is available (Attention)
  warnings.warn("xFormers is available (Attention)")
/home/zjy/document/sparsh/tactile_ssl/model/layers/block.py:33: UserWarning: xFormers is available (Block)
  warnings.warn("xFormers is available (Block)")
/home/zjy/document/sparsh/tactile_ssl/model/layers/decoder_block.py:32: UserWarning: xFormers is available (Block)
  warnings.warn("xFormers is available (Block)")
wandb: [wandb.login()] Loaded credentials for https://api.wandb.ai from /home/zjy/.netrc.
wandb: Currently logged in as: junyuzhuzjy (junyuzhuzjy-zhejiang-university) to https://api.wandb.ai. Use `wandb login --relogin` to force relogin
wandb: setting up run phase5_2_20260518_0035_full_dynamics_baseline
wandb: Tracking run with wandb version 0.26.1
wandb: Run data is saved locally in /vla1/zjy/sparsh_runs/force_slip_phase5/phase5_2_friction_features_20260518_0035/heads/phase5_2_full_dynamics_baseline_20260518_0035/wandb/run-20260518_003107-phase5_2_20260518_0035_full_dynamics_baseline
wandb: Run `wandb offline` to turn off syncing.
wandb: Syncing run phase5_2_20260518_0035_full_dynamics_baseline
wandb: ⭐️ View project at https://wandb.ai/junyuzhuzjy-zhejiang-university/sparsh-finetune-tactile-grasp
wandb: 🚀 View run at https://wandb.ai/junyuzhuzjy-zhejiang-university/sparsh-finetune-tactile-grasp/runs/phase5_2_20260518_0035_full_dynamics_baseline
wandb: updating run metadata
wandb: uploading wandb-summary.json; uploading config.yaml
wandb: uploading history steps 39-39, summary
wandb: 
wandb: Run history:
wandb:                    epoch ▁▁▁▂▂▂▂▂▂▃▃▃▃▃▄▄▄▄▄▄▅▅▅▅▅▅▆▆▆▆▆▇▇▇▇▇▇███
wandb:               train/loss █▃▃▃▃▃▃▃▃▂▂▂▂▂▂▂▂▂▂▁▂▂▂▁▁▁▂▁▁▁▂▁▁▁▁▁▁▁▁▁
wandb:               val/H1_ece ▄▂▃▂▂▂▂▁▂▂▂▂▂▂▂▆▂▁▁▁▂█▂▂▂▂▂▁▁▁▂▁▁▁▂▂▂▂▁▁
wandb: val/H1_future_slip_auprc ▁▂▃▃▃▄▄▄▅▆▆▇▇▇▇▇▇▇▆█▇▃████████▇█████████
wandb: val/H1_future_slip_auroc ▁▂▃▄▄▅▅▅▅▆▆▇███▇██▇██▃████████▇█████████
wandb:    val/H1_future_slip_f1 ▇▇▇▇▇▇▇▇▇▇█▇▇▇▇▅▇▇▇▇▇▁▇▇█▇▇█▇█▇█████████
wandb:  val/H1_high_risk_recall ███████████████▆█████▁█▇▇███████████████
wandb:               val/H3_ece ▄▃▃▂▂▂▁▁▂▂▃▃▁▂▂▆▁▂▂▂▂█▃▃▃▂▁▁▂▂▃▂▁▁▂▁▂▁▁▁
wandb: val/H3_future_slip_auprc ▁▂▂▃▃▄▄▄▄▅▅▆▆▆▆▆▇▇▆▇▇▃████████▇█████████
wandb: val/H3_future_slip_auroc ▁▂▃▃▄▅▄▄▅▆▆▇▇▇▇▇▇▇▇██▃████████▇█████████
wandb:                       +8 ...
wandb: 
wandb: Run summary:
wandb:                    epoch 40
wandb:               train/loss 0.05728
wandb:               val/H1_ece 0.00606
wandb: val/H1_future_slip_auprc 0.99534
wandb: val/H1_future_slip_auroc 0.998
wandb:    val/H1_future_slip_f1 0.96759
wandb:  val/H1_high_risk_recall 0.99578
wandb:               val/H3_ece 0.00721
wandb: val/H3_future_slip_auprc 0.99358
wandb: val/H3_future_slip_auroc 0.99696
wandb:                       +8 ...
wandb: 
wandb: 🚀 View run phase5_2_20260518_0035_full_dynamics_baseline at: https://wandb.ai/junyuzhuzjy-zhejiang-university/sparsh-finetune-tactile-grasp/runs/phase5_2_20260518_0035_full_dynamics_baseline
wandb: ⭐️ View project at: https://wandb.ai/junyuzhuzjy-zhejiang-university/sparsh-finetune-tactile-grasp
wandb: Synced 4 W&B file(s), 0 media file(s), 0 artifact file(s) and 0 other file(s)
wandb: Find logs at: /vla1/zjy/sparsh_runs/force_slip_phase5/phase5_2_friction_features_20260518_0035/heads/phase5_2_full_dynamics_baseline_20260518_0035/wandb/run-20260518_003107-phase5_2_20260518_0035_full_dynamics_baseline/logs
wandb: setting up run phase5_2_20260518_0035_full_plus_r
wandb: Tracking run with wandb version 0.26.1
wandb: Run data is saved locally in /vla1/zjy/sparsh_runs/force_slip_phase5/phase5_2_friction_features_20260518_0035/heads/phase5_2_full_plus_r_20260518_0035/wandb/run-20260518_003252-phase5_2_20260518_0035_full_plus_r
wandb: Run `wandb offline` to turn off syncing.
wandb: Syncing run phase5_2_20260518_0035_full_plus_r
wandb: ⭐️ View project at https://wandb.ai/junyuzhuzjy-zhejiang-university/sparsh-finetune-tactile-grasp
wandb: 🚀 View run at https://wandb.ai/junyuzhuzjy-zhejiang-university/sparsh-finetune-tactile-grasp/runs/phase5_2_20260518_0035_full_plus_r
wandb: uploading data; updating run metadata
wandb: uploading wandb-summary.json; uploading config.yaml
wandb: uploading history steps 39-39, summary
wandb: 
wandb: Run history:
wandb:                    epoch ▁▁▁▂▂▂▂▂▂▃▃▃▃▃▄▄▄▄▄▄▅▅▅▅▅▅▆▆▆▆▆▇▇▇▇▇▇███
wandb:               train/loss █▃▃▃▃▃▃▃▃▂▃▂▂▂▃▂▂▂▂▃▂▁▂▁▁▂▁▁▁▁▁▁▂▁▁▁▁▁▁▁
wandb:               val/H1_ece ▆▄▂▄▂▅▄▃▅▂▇▃▄▄▅▄▂▂█▃▂▄▃▃▇▂▃▃▁▂▂▁▁▃▁▁▂▄▃▂
wandb: val/H1_future_slip_auprc ▁▂▃▄▄▄▄▅▅▆▃▆▇▇▄▇▆▇▇▇████▆███████████████
wandb: val/H1_future_slip_auroc ▁▃▃▄▄▅▅▆▆▆▄▇▇▇▅▇▇███████▇███████████████
wandb:    val/H1_future_slip_f1 ▁▆▅▆▅▆▇▅▆▅▃▅▅▅▄▇▆▆▁▆▇▇▇▇▃▇▇▇█▇███▇███▇█▇
wandb:  val/H1_high_risk_recall ██████████▆██▇▇███▁█▇▅▇▆▁▇▅▄▆▆▅▆▇▅▆▆▆▅▅▅
wandb:               val/H3_ece ▅▄▃▄▂▄▄▂▄▃▆▂▁▂▅▄▄▂█▃▃▄▁▂█▃▂▃▂▁▁▂▃▂▁▁▁▄▂▁
wandb: val/H3_future_slip_auprc ▁▂▂▃▃▄▄▄▄▅▃▆▆▆▄▆▆▇▇▇▇▇▇█▆███████████████
wandb: val/H3_future_slip_auroc ▁▂▃▄▄▄▄▅▅▆▃▆▇▇▅▇▆▇█▇████▆███████████████
wandb:                       +8 ...
wandb: 
wandb: Run summary:
wandb:                    epoch 40
wandb:               train/loss 0.05365
wandb:               val/H1_ece 0.00612
wandb: val/H1_future_slip_auprc 0.99498
wandb: val/H1_future_slip_auroc 0.9977
wandb:    val/H1_future_slip_f1 0.96401
wandb:  val/H1_high_risk_recall 0.99501
wandb:               val/H3_ece 0.00683
wandb: val/H3_future_slip_auprc 0.99351
wandb: val/H3_future_slip_auroc 0.99682
wandb:                       +8 ...
wandb: 
wandb: 🚀 View run phase5_2_20260518_0035_full_plus_r at: https://wandb.ai/junyuzhuzjy-zhejiang-university/sparsh-finetune-tactile-grasp/runs/phase5_2_20260518_0035_full_plus_r
wandb: ⭐️ View project at: https://wandb.ai/junyuzhuzjy-zhejiang-university/sparsh-finetune-tactile-grasp
wandb: Synced 4 W&B file(s), 0 media file(s), 0 artifact file(s) and 0 other file(s)
wandb: Find logs at: /vla1/zjy/sparsh_runs/force_slip_phase5/phase5_2_friction_features_20260518_0035/heads/phase5_2_full_plus_r_20260518_0035/wandb/run-20260518_003252-phase5_2_20260518_0035_full_plus_r/logs
wandb: setting up run phase5_2_20260518_0035_full_plus_r_dr
wandb: Tracking run with wandb version 0.26.1
wandb: Run data is saved locally in /vla1/zjy/sparsh_runs/force_slip_phase5/phase5_2_friction_features_20260518_0035/heads/phase5_2_full_plus_r_dr_20260518_0035/wandb/run-20260518_003430-phase5_2_20260518_0035_full_plus_r_dr
wandb: Run `wandb offline` to turn off syncing.
wandb: Syncing run phase5_2_20260518_0035_full_plus_r_dr
wandb: ⭐️ View project at https://wandb.ai/junyuzhuzjy-zhejiang-university/sparsh-finetune-tactile-grasp
wandb: 🚀 View run at https://wandb.ai/junyuzhuzjy-zhejiang-university/sparsh-finetune-tactile-grasp/runs/phase5_2_20260518_0035_full_plus_r_dr
wandb: updating run metadata
wandb: uploading history steps 39-39, summary
wandb: uploading wandb-summary.json; uploading config.yaml
wandb: uploading config.yaml
wandb: uploading data
wandb: 
wandb: Run history:
wandb:                    epoch ▁▁▁▂▂▂▂▂▂▃▃▃▃▃▄▄▄▄▄▄▅▅▅▅▅▅▆▆▆▆▆▇▇▇▇▇▇███
wandb:               train/loss █▄▃▃▃▃▃▃▂▂▂▃▂▂▂▂▃▂▃▂▂▁▂▁▂▁▁▂▁▁▁▁▁▁▁▁▁▁▁▁
wandb:               val/H1_ece ▃▂▁▂▂▂▄▂▁▂▂▃▂▁▂▁▂▂▆▁▂▂▁▁▂▂█▂▂▂▂▁▁▂▂▂▂▂▂▁
wandb: val/H1_future_slip_auprc ▁▂▃▃▃▄▄▄▅▆▆▆▇▇▇▇▇▇▅▇▇███▇▇██████████████
wandb: val/H1_future_slip_auroc ▁▂▃▃▄▅▅▅▆▇▇▇▇█████▆█████████████████████
wandb:    val/H1_future_slip_f1 ▅▇▇▇▇▇▆▇▆▇▆▆▇▇▇▇▇▇▁▇▇▇▇▇▇▇▆▇▇▇▇▇█▇▇▇▇▇▇█
wandb:  val/H1_high_risk_recall ███████████████▇██▁██▇▇▇▇▆▇▇▇▇▇▇▇▇▇▇▇▇▇▇
wandb:               val/H3_ece ▂▂▁▂▂▁▅▃▂▂▃▂▂▂▂▂▂▁▅▁▁▂▁▂▂▂█▂▂▂▂▁▁▂▂▃▂▁▃▁
wandb: val/H3_future_slip_auprc ▁▂▂▃▃▄▄▄▄▅▆▆▆▇▇▇▇▇▅▇▇███▇███████████████
wandb: val/H3_future_slip_auroc ▁▂▃▃▃▄▄▅▅▆▆▇▇▇▇█▇█▆█████████████████████
wandb:                       +8 ...
wandb: 
wandb: Run summary:
wandb:                    epoch 40
wandb:               train/loss 0.05573
wandb:               val/H1_ece 0.00683
wandb: val/H1_future_slip_auprc 0.99533
wandb: val/H1_future_slip_auroc 0.99794
wandb:    val/H1_future_slip_f1 0.96524
wandb:  val/H1_high_risk_recall 0.99693
wandb:               val/H3_ece 0.01085
wandb: val/H3_future_slip_auprc 0.99368
wandb: val/H3_future_slip_auroc 0.99687
wandb:                       +8 ...
wandb: 
wandb: 🚀 View run phase5_2_20260518_0035_full_plus_r_dr at: https://wandb.ai/junyuzhuzjy-zhejiang-university/sparsh-finetune-tactile-grasp/runs/phase5_2_20260518_0035_full_plus_r_dr
wandb: ⭐️ View project at: https://wandb.ai/junyuzhuzjy-zhejiang-university/sparsh-finetune-tactile-grasp
wandb: Synced 4 W&B file(s), 0 media file(s), 0 artifact file(s) and 0 other file(s)
wandb: Find logs at: /vla1/zjy/sparsh_runs/force_slip_phase5/phase5_2_friction_features_20260518_0035/heads/phase5_2_full_plus_r_dr_20260518_0035/wandb/run-20260518_003430-phase5_2_20260518_0035_full_plus_r_dr/logs
wandb: setting up run phase5_2_20260518_0035_full_plus_q
wandb: Tracking run with wandb version 0.26.1
wandb: Run data is saved locally in /vla1/zjy/sparsh_runs/force_slip_phase5/phase5_2_friction_features_20260518_0035/heads/phase5_2_full_plus_q_20260518_0035/wandb/run-20260518_003608-phase5_2_20260518_0035_full_plus_q
wandb: Run `wandb offline` to turn off syncing.
wandb: Syncing run phase5_2_20260518_0035_full_plus_q
wandb: ⭐️ View project at https://wandb.ai/junyuzhuzjy-zhejiang-university/sparsh-finetune-tactile-grasp
wandb: 🚀 View run at https://wandb.ai/junyuzhuzjy-zhejiang-university/sparsh-finetune-tactile-grasp/runs/phase5_2_20260518_0035_full_plus_q
wandb: updating run metadata
wandb: uploading wandb-summary.json; uploading config.yaml; uploading history steps 39-39, summary
wandb: uploading data
wandb: 
wandb: Run history:
wandb:                    epoch ▁▁▁▂▂▂▂▂▂▃▃▃▃▃▄▄▄▄▄▄▅▅▅▅▅▅▆▆▆▆▆▇▇▇▇▇▇███
wandb:               train/loss █▄▃▃▃▃▃▃▃▃▄▃▃▂▂▃▂▂▂▂▃▁▁▃▁▁▁▂▁▁▁▁▂▁▁▁▁▁▁▁
wandb:               val/H1_ece ▃█▂▂▃▂▂▂▂▂█▁▂▂▁▂▁▂▃█▂▂▁▂▂▁▂▁▂▁▁▁▂▂▁▂▃▂▂▁
wandb: val/H1_future_slip_auprc ▁▂▃▄▃▄▄▄▅▅▄▆▅▆▇▆▇▇▇▇▇██▇███▆████████████
wandb: val/H1_future_slip_auroc ▁▃▄▄▄▅▄▅▅▆▄▆▆▇▇▇▇█▇████████▆████████████
wandb:    val/H1_future_slip_f1 ▅▆▇▇▇▇▇▇▇▇▁▇▇▇▇▇▇▇▇▆▇██████▇████████████
wandb:  val/H1_high_risk_recall ██████████▁███████████████▇▇█▇███▇█▇▇▇▇█
wandb:               val/H3_ece ▂▅▂▂▃▂▂▂▂▂▃▁▂▁▂▁▁▁▂█▁▂▁▁▂▁▂▁▂▁▁▁▁▂▂▁▂▂▁▁
wandb: val/H3_future_slip_auprc ▁▂▃▃▃▄▃▄▄▅▄▅▄▆▇▆▆▇▆▇▇▇█▇███▆████████████
wandb: val/H3_future_slip_auroc ▁▂▃▄▄▄▄▅▅▆▄▆▅▆▇▇▇█▇▇███▇███▆████████████
wandb:                       +8 ...
wandb: 
wandb: Run summary:
wandb:                    epoch 40
wandb:               train/loss 0.05318
wandb:               val/H1_ece 0.00534
wandb: val/H1_future_slip_auprc 0.99588
wandb: val/H1_future_slip_auroc 0.99834
wandb:    val/H1_future_slip_f1 0.96683
wandb:  val/H1_high_risk_recall 0.99808
wandb:               val/H3_ece 0.00536
wandb: val/H3_future_slip_auprc 0.99451
wandb: val/H3_future_slip_auroc 0.99753
wandb:                       +8 ...
wandb: 
wandb: 🚀 View run phase5_2_20260518_0035_full_plus_q at: https://wandb.ai/junyuzhuzjy-zhejiang-university/sparsh-finetune-tactile-grasp/runs/phase5_2_20260518_0035_full_plus_q
wandb: ⭐️ View project at: https://wandb.ai/junyuzhuzjy-zhejiang-university/sparsh-finetune-tactile-grasp
wandb: Synced 4 W&B file(s), 0 media file(s), 0 artifact file(s) and 0 other file(s)
wandb: Find logs at: /vla1/zjy/sparsh_runs/force_slip_phase5/phase5_2_friction_features_20260518_0035/heads/phase5_2_full_plus_q_20260518_0035/wandb/run-20260518_003608-phase5_2_20260518_0035_full_plus_q/logs
wandb: setting up run phase5_2_20260518_0035_full_plus_q_dq
wandb: Tracking run with wandb version 0.26.1
wandb: Run data is saved locally in /vla1/zjy/sparsh_runs/force_slip_phase5/phase5_2_friction_features_20260518_0035/heads/phase5_2_full_plus_q_dq_20260518_0035/wandb/run-20260518_003744-phase5_2_20260518_0035_full_plus_q_dq
wandb: Run `wandb offline` to turn off syncing.
wandb: Syncing run phase5_2_20260518_0035_full_plus_q_dq
wandb: ⭐️ View project at https://wandb.ai/junyuzhuzjy-zhejiang-university/sparsh-finetune-tactile-grasp
wandb: 🚀 View run at https://wandb.ai/junyuzhuzjy-zhejiang-university/sparsh-finetune-tactile-grasp/runs/phase5_2_20260518_0035_full_plus_q_dq
wandb: updating run metadata
wandb: uploading wandb-summary.json; uploading config.yaml
wandb: uploading config.yaml; uploading history steps 39-39, summary
wandb: uploading data
wandb: 
wandb: Run history:
wandb:                    epoch ▁▁▁▂▂▂▂▂▂▃▃▃▃▃▄▄▄▄▄▄▅▅▅▅▅▅▆▆▆▆▆▇▇▇▇▇▇███
wandb:               train/loss █▄▃▃▃▃▃▃▂▂▃▂▂▃▂▃▂▂▂▃▂▁▃▂▂▁▂▂▁▁▁▁▁▁▁▁▁▁▁▁
wandb:               val/H1_ece █▁▁▁▂▂▂▂▂▃▂▁▂▂▂▂▁▂▂▂▁▂▃▁▁▁▂▁▁▁▂▁▁▂▁▂▁▁▁▁
wandb: val/H1_future_slip_auprc ▁▃▃▄▄▄▄▅▅▅▆▆▇▇▇▇▇▇▇▇▇█▆███▇█████████████
wandb: val/H1_future_slip_auroc ▁▂▄▄▅▅▅▆▆▆▇▇▇▇█▇██████▇███▇█████████████
wandb:    val/H1_future_slip_f1 ▁█████████████████████▇█████████████████
wandb:  val/H1_high_risk_recall ▁███████████████████████████████████████
wandb:               val/H3_ece █▂▁▁▃▂▃▁▅▄▁▂▃▃▂▂▁▁▃▂▂▂▂▁▁▁▄▁▁▂▂▁▁▂▁▂▁▁▂▁
wandb: val/H3_future_slip_auprc ▁▂▃▃▃▄▄▅▅▄▆▆▆▆▇▆▇▇▇▇▇█▆█▇█▇█████████████
wandb: val/H3_future_slip_auroc ▁▂▃▃▄▄▅▅▅▅▆▇▇▇▇▇▇▇▇███▇███▇█████████████
wandb:                       +8 ...
wandb: 
wandb: Run summary:
wandb:                    epoch 40
wandb:               train/loss 0.05318
wandb:               val/H1_ece 0.00775
wandb: val/H1_future_slip_auprc 0.9958
wandb: val/H1_future_slip_auroc 0.99832
wandb:    val/H1_future_slip_f1 0.96386
wandb:  val/H1_high_risk_recall 0.9977
wandb:               val/H3_ece 0.01237
wandb: val/H3_future_slip_auprc 0.99429
wandb: val/H3_future_slip_auroc 0.99748
wandb:                       +8 ...
wandb: 
wandb: 🚀 View run phase5_2_20260518_0035_full_plus_q_dq at: https://wandb.ai/junyuzhuzjy-zhejiang-university/sparsh-finetune-tactile-grasp/runs/phase5_2_20260518_0035_full_plus_q_dq
wandb: ⭐️ View project at: https://wandb.ai/junyuzhuzjy-zhejiang-university/sparsh-finetune-tactile-grasp
wandb: Synced 4 W&B file(s), 0 media file(s), 0 artifact file(s) and 0 other file(s)
wandb: Find logs at: /vla1/zjy/sparsh_runs/force_slip_phase5/phase5_2_friction_features_20260518_0035/heads/phase5_2_full_plus_q_dq_20260518_0035/wandb/run-20260518_003744-phase5_2_20260518_0035_full_plus_q_dq/logs
/home/zjy/document/tactile-grasp/sparsh-force-slip/reports/phase5/phase5_2_friction_future_head/phase5_2_friction_future_head_report.md
