/home/zjy/document/sparsh/tactile_ssl/model/layers/swiglu_ffn.py:43: UserWarning: xFormers is available (SwiGLU)
  warnings.warn("xFormers is available (SwiGLU)")
/home/zjy/document/sparsh/tactile_ssl/model/layers/attention.py:31: UserWarning: xFormers is available (Attention)
  warnings.warn("xFormers is available (Attention)")
/home/zjy/document/sparsh/tactile_ssl/model/layers/block.py:33: UserWarning: xFormers is available (Block)
  warnings.warn("xFormers is available (Block)")
/home/zjy/document/sparsh/tactile_ssl/model/layers/decoder_block.py:32: UserWarning: xFormers is available (Block)
  warnings.warn("xFormers is available (Block)")
wandb: [wandb.login()] Loaded credentials for https://api.wandb.ai from /home/zjy/.netrc.
wandb: Currently logged in as: junyuzhuzjy (junyuzhuzjy-zhejiang-university) to https://api.wandb.ai. Use `wandb login --relogin` to force relogin
wandb: setting up run phase5_3_20260518_0041_separate_late_fusion
wandb: Tracking run with wandb version 0.26.1
wandb: Run data is saved locally in /vla1/zjy/sparsh_runs/force_slip_phase4/phase4_2_separate_features_20260517_171500/heads/phase5_3_separate_late_fusion_20260518_0041/wandb/run-20260518_004054-phase5_3_20260518_0041_separate_late_fusion
wandb: Run `wandb offline` to turn off syncing.
wandb: Syncing run phase5_3_20260518_0041_separate_late_fusion
wandb: ⭐️ View project at https://wandb.ai/junyuzhuzjy-zhejiang-university/sparsh-finetune-tactile-grasp
wandb: 🚀 View run at https://wandb.ai/junyuzhuzjy-zhejiang-university/sparsh-finetune-tactile-grasp/runs/phase5_3_20260518_0041_separate_late_fusion
wandb: updating run metadata
wandb: uploading history steps 39-39, summary
wandb: uploading config.yaml; uploading wandb-summary.json
wandb: uploading data
wandb: 
wandb: Run history:
wandb:                    epoch ▁▁▁▂▂▂▂▂▂▃▃▃▃▃▄▄▄▄▄▄▅▅▅▅▅▅▆▆▆▆▆▇▇▇▇▇▇███
wandb:               train/loss █▄▃▂▂▂▂▂▁▁▂▁▁▁▁▁▁▁▁▁▁▁▁▁▁▁▁▁▁▁▁▁▁▁▁▁▁▁▁▁
wandb:               val/H1_ece █▄▇▂▂▁▁▄▂▄▄▁▂▁▁▁▁▁▂▁▂▁▁▁▂▁▃▂▁▁▃▁▂▁▁▃▁▁▁▄
wandb: val/H1_future_slip_auprc ▁▇▇█████████████████████████████████████
wandb: val/H1_future_slip_auroc ▁▇▇▇▇▇▇▇▇▇▇▇▇▇▇▇▇██▇▇███████████████████
wandb:    val/H1_future_slip_f1 ▁███████████████████████████████████████
wandb:  val/H1_high_risk_recall ▁███████████████████████████████████████
wandb:               val/H3_ece ▇▃█▃▃▂▁▆▂█▆▂▄▁▂▁▁▂▂▁▄▁▃▁▅▁▆▃▁▁▇▂▂▃▂▅▃▂▃▆
wandb: val/H3_future_slip_auprc ▁▆▇▇▇▇▇▇▇▇▇▇█▇██████████████████████████
wandb: val/H3_future_slip_auroc ▁▅▆▆▆▆▇▇▇▇▇▇▇▇▇▇▇▇▇▇▇▇██████████████████
wandb:                       +8 ...
wandb: 
wandb: Run summary:
wandb:                    epoch 40
wandb:               train/loss 0.14276
wandb:               val/H1_ece 0.0476
wandb: val/H1_future_slip_auprc 0.9785
wandb: val/H1_future_slip_auroc 0.9847
wandb:    val/H1_future_slip_f1 0.96528
wandb:  val/H1_high_risk_recall 0.99351
wandb:               val/H3_ece 0.09008
wandb: val/H3_future_slip_auprc 0.94318
wandb: val/H3_future_slip_auroc 0.95707
wandb:                       +8 ...
wandb: 
wandb: 🚀 View run phase5_3_20260518_0041_separate_late_fusion at: https://wandb.ai/junyuzhuzjy-zhejiang-university/sparsh-finetune-tactile-grasp/runs/phase5_3_20260518_0041_separate_late_fusion
wandb: ⭐️ View project at: https://wandb.ai/junyuzhuzjy-zhejiang-university/sparsh-finetune-tactile-grasp
wandb: Synced 4 W&B file(s), 0 media file(s), 0 artifact file(s) and 0 other file(s)
wandb: Find logs at: /vla1/zjy/sparsh_runs/force_slip_phase4/phase4_2_separate_features_20260517_171500/heads/phase5_3_separate_late_fusion_20260518_0041/wandb/run-20260518_004054-phase5_3_20260518_0041_separate_late_fusion/logs
wandb: setting up run phase5_3_20260518_0041_decoupled_static
wandb: Tracking run with wandb version 0.26.1
wandb: Run data is saved locally in /vla1/zjy/sparsh_runs/force_slip_phase4/phase4_3_reuse_p3_features_20260517_171500/heads/phase5_3_decoupled_static_20260518_0041/wandb/run-20260518_004307-phase5_3_20260518_0041_decoupled_static
wandb: Run `wandb offline` to turn off syncing.
wandb: Syncing run phase5_3_20260518_0041_decoupled_static
wandb: ⭐️ View project at https://wandb.ai/junyuzhuzjy-zhejiang-university/sparsh-finetune-tactile-grasp
wandb: 🚀 View run at https://wandb.ai/junyuzhuzjy-zhejiang-university/sparsh-finetune-tactile-grasp/runs/phase5_3_20260518_0041_decoupled_static
wandb: uploading data; updating run metadata
wandb: uploading data
wandb: uploading wandb-summary.json; uploading config.yaml
wandb: uploading history steps 39-39, summary
wandb: 
wandb: Run history:
wandb:                    epoch ▁▁▁▂▂▂▂▂▂▃▃▃▃▃▄▄▄▄▄▄▅▅▅▅▅▅▆▆▆▆▆▇▇▇▇▇▇███
wandb:               train/loss █▄▃▂▂▁▁▁▁▁▂▁▁▁▁▁▁▁▁▁▁▁▁▁▁▁▁▁▁▁▁▁▁▁▁▁▁▁▁▁
wandb:               val/H1_ece █▅▂▁▁▁▁▃▁▃▄▁▁▁▁▁▁▁▃▁▁▁▁▁▁▁▃▁▁▁▂▁▁▁▁▁▂▁▁▂
wandb: val/H1_future_slip_auprc ▁▇██████████████████████████████████████
wandb: val/H1_future_slip_auroc ▁▇▇▇▇▇▇█▇███████████████████████████████
wandb:    val/H1_future_slip_f1 ▁███████████████████████████████████████
wandb:  val/H1_high_risk_recall ▁███████████████████████████████████████
wandb:               val/H3_ece ▇▄▂▂▁▂▂▇▁█▇▂▃▁▁▂▁▁▆▃▁▁▁▂▃▃▆▃▁▂▅▃▁▃▄▃▆▁▂▂
wandb: val/H3_future_slip_auprc ▁▆▇▇▇▇▇▇▇▇▇█████████████████████████████
wandb: val/H3_future_slip_auroc ▁▅▆▆▇▇▇▇▇▇▇▇▇▇▇▇▇▇▇▇████████████████████
wandb:                       +8 ...
wandb: 
wandb: Run summary:
wandb:                    epoch 40
wandb:               train/loss 0.13793
wandb:               val/H1_ece 0.00946
wandb: val/H1_future_slip_auprc 0.97779
wandb: val/H1_future_slip_auroc 0.98472
wandb:    val/H1_future_slip_f1 0.9624
wandb:  val/H1_high_risk_recall 1
wandb:               val/H3_ece 0.01734
wandb: val/H3_future_slip_auprc 0.94511
wandb: val/H3_future_slip_auroc 0.95976
wandb:                       +8 ...
wandb: 
wandb: 🚀 View run phase5_3_20260518_0041_decoupled_static at: https://wandb.ai/junyuzhuzjy-zhejiang-university/sparsh-finetune-tactile-grasp/runs/phase5_3_20260518_0041_decoupled_static
wandb: ⭐️ View project at: https://wandb.ai/junyuzhuzjy-zhejiang-university/sparsh-finetune-tactile-grasp
wandb: Synced 4 W&B file(s), 0 media file(s), 0 artifact file(s) and 0 other file(s)
wandb: Find logs at: /vla1/zjy/sparsh_runs/force_slip_phase4/phase4_3_reuse_p3_features_20260517_171500/heads/phase5_3_decoupled_static_20260518_0041/wandb/run-20260518_004307-phase5_3_20260518_0041_decoupled_static/logs
wandb: W&B API key is configured. Use `wandb login --relogin` to force relogin
wandb: setting up run phase5_3_20260518_0041_decoupled_dynamics
wandb: Tracking run with wandb version 0.26.1
wandb: Run data is saved locally in /vla1/zjy/sparsh_runs/force_slip_phase4/phase4_3_reuse_p3_features_20260517_171500/heads/phase5_3_decoupled_dynamics_20260518_0041/wandb/run-20260518_004418-phase5_3_20260518_0041_decoupled_dynamics
wandb: Run `wandb offline` to turn off syncing.
wandb: Syncing run phase5_3_20260518_0041_decoupled_dynamics
wandb: ⭐️ View project at https://wandb.ai/junyuzhuzjy-zhejiang-university/sparsh-finetune-tactile-grasp
wandb: 🚀 View run at https://wandb.ai/junyuzhuzjy-zhejiang-university/sparsh-finetune-tactile-grasp/runs/phase5_3_20260518_0041_decoupled_dynamics
wandb: uploading data; updating run metadata
wandb: uploading wandb-summary.json; uploading config.yaml
wandb: uploading history steps 39-39, summary
wandb: 
wandb: Run history:
wandb:                    epoch ▁▁▁▂▂▂▂▂▂▃▃▃▃▃▄▄▄▄▄▄▅▅▅▅▅▅▆▆▆▆▆▇▇▇▇▇▇███
wandb:               train/loss █▅▃▂▂▂▂▂▂▂▂▂▂▂▁▂▂▁▂▂▁▁▁▂▁▁▂▂▁▁▁▁▂▂▁▁▁▁▁▁
wandb:               val/H1_ece █▂▂▁▂▂▁▁▁▁▁▁▁▁▁▂▁▁▃▁▁▁▁▂▁▂▂▁▁▁▁▁▁▁▁▁▁▁▁▂
wandb: val/H1_future_slip_auprc ▁▇▇▇▇▇▇▇▇▇▇▇▇▇▇▇▇▇▇▇██████▇█████████████
wandb: val/H1_future_slip_auroc ▁▆▆▆▇▇▇▇▇▇▇▇▇▇▇▇▇▇▇▇▇▇▇███▇█████████████
wandb:    val/H1_future_slip_f1 ▁▆██████████████████████████████████████
wandb:  val/H1_high_risk_recall ▁▆██████████████████████████████████████
wandb:               val/H3_ece █▂▂▂▄▄▁▁▂▁▂▂▃▁▂▄▂▁▅▁▃▁▁▄▁▄▂▂▁▂▄▂▂▃▂▂▂▁▁▆
wandb: val/H3_future_slip_auprc ▁▆▆▆▆▆▆▆▇▇▆▇▇▇▇▇▇▇▇▇▇▇▇▇▇█▇▇▇▇▇█▇▇██████
wandb: val/H3_future_slip_auroc ▁▅▅▅▅▆▆▆▆▆▆▆▆▇▇▇▇▇▆▇▇▇▇▇▇█▇▇▇▇▇█▇▇▇█████
wandb:                       +8 ...
wandb: 
wandb: Run summary:
wandb:                    epoch 40
wandb:               train/loss 0.09307
wandb:               val/H1_ece 0.02231
wandb: val/H1_future_slip_auprc 0.99213
wandb: val/H1_future_slip_auroc 0.99734
wandb:    val/H1_future_slip_f1 0.95522
wandb:  val/H1_high_risk_recall 0.99805
wandb:               val/H3_ece 0.12886
wandb: val/H3_future_slip_auprc 0.97775
wandb: val/H3_future_slip_auroc 0.98756
wandb:                       +8 ...
wandb: 
wandb: 🚀 View run phase5_3_20260518_0041_decoupled_dynamics at: https://wandb.ai/junyuzhuzjy-zhejiang-university/sparsh-finetune-tactile-grasp/runs/phase5_3_20260518_0041_decoupled_dynamics
wandb: ⭐️ View project at: https://wandb.ai/junyuzhuzjy-zhejiang-university/sparsh-finetune-tactile-grasp
wandb: Synced 4 W&B file(s), 0 media file(s), 0 artifact file(s) and 0 other file(s)
wandb: Find logs at: /vla1/zjy/sparsh_runs/force_slip_phase4/phase4_3_reuse_p3_features_20260517_171500/heads/phase5_3_decoupled_dynamics_20260518_0041/wandb/run-20260518_004418-phase5_3_20260518_0041_decoupled_dynamics/logs
wandb: setting up run phase5_3_20260518_0041_decoupled_dynamics_friction
wandb: Tracking run with wandb version 0.26.1
wandb: Run data is saved locally in /vla1/zjy/sparsh_runs/force_slip_phase5/phase5_3_friction_features_20260518_0041/heads/phase5_3_decoupled_dynamics_friction_20260518_0041/wandb/run-20260518_004525-phase5_3_20260518_0041_decoupled_dynamics_friction
wandb: Run `wandb offline` to turn off syncing.
wandb: Syncing run phase5_3_20260518_0041_decoupled_dynamics_friction
wandb: ⭐️ View project at https://wandb.ai/junyuzhuzjy-zhejiang-university/sparsh-finetune-tactile-grasp
wandb: 🚀 View run at https://wandb.ai/junyuzhuzjy-zhejiang-university/sparsh-finetune-tactile-grasp/runs/phase5_3_20260518_0041_decoupled_dynamics_friction
wandb: updating run metadata
wandb: uploading config.yaml; uploading wandb-summary.json
wandb: uploading history steps 39-39, summary
wandb: 
wandb: Run history:
wandb:                    epoch ▁▁▁▂▂▂▂▂▂▃▃▃▃▃▄▄▄▄▄▄▅▅▅▅▅▅▆▆▆▆▆▇▇▇▇▇▇███
wandb:               train/loss █▄▃▃▂▂▂▂▂▂▂▂▂▂▂▂▂▂▂▂▂▂▁▁▂▁▁▁▁▃▁▂▁▁▁▁▁▁▁▁
wandb:               val/H1_ece █▄▂▂▂▁▂▁▂▄▁▁▁▃▂▁▁▁▂▁▁▁▁▂▂▁▂▁▂▂▂▄▂▁▁▁▂▁▁▁
wandb: val/H1_future_slip_auprc ▁▆▆▆▆▆▆▆▆▆▆▆▆▇▇▇▇▇▇▇▇▇▇▇▇▇▇█▇▇▇▇▇███████
wandb: val/H1_future_slip_auroc ▁▅▅▅▆▆▆▆▆▆▆▆▆▆▇▆▆▇▇▇▇▇▇▇▇▇▇██▇▇▇▇███████
wandb:    val/H1_future_slip_f1 ▁▇██████████████████████████████████████
wandb:  val/H1_high_risk_recall ▁███████████████████████████████████████
wandb:               val/H3_ece ▇▄▃▃▁▃▂▂▅█▂▃▁▇▅▁▁▂▅▁▁▂▁▂▄▂▂▂▃▂▂█▁▁▁▂▂▃▁▁
wandb: val/H3_future_slip_auprc ▁▄▅▅▅▅▅▅▅▅▅▆▆▆▆▆▆▆▆▆▆▆▇▆▇▇▇▇▇▇▇▇▇▇▇▇█▇██
wandb: val/H3_future_slip_auroc ▁▃▄▄▄▅▅▅▅▅▅▅▅▆▆▆▆▆▆▆▆▆▆▆▇▇▇▇▇▇▇▇▇▇▇██▇██
wandb:                       +8 ...
wandb: 
wandb: Run summary:
wandb:                    epoch 40
wandb:               train/loss 0.08785
wandb:               val/H1_ece 0.00536
wandb: val/H1_future_slip_auprc 0.99341
wandb: val/H1_future_slip_auroc 0.99796
wandb:    val/H1_future_slip_f1 0.96202
wandb:  val/H1_high_risk_recall 0.99674
wandb:               val/H3_ece 0.0123
wandb: val/H3_future_slip_auprc 0.98137
wandb: val/H3_future_slip_auroc 0.99014
wandb:                       +8 ...
wandb: 
wandb: 🚀 View run phase5_3_20260518_0041_decoupled_dynamics_friction at: https://wandb.ai/junyuzhuzjy-zhejiang-university/sparsh-finetune-tactile-grasp/runs/phase5_3_20260518_0041_decoupled_dynamics_friction
wandb: ⭐️ View project at: https://wandb.ai/junyuzhuzjy-zhejiang-university/sparsh-finetune-tactile-grasp
wandb: Synced 4 W&B file(s), 0 media file(s), 0 artifact file(s) and 0 other file(s)
wandb: Find logs at: /vla1/zjy/sparsh_runs/force_slip_phase5/phase5_3_friction_features_20260518_0041/heads/phase5_3_decoupled_dynamics_friction_20260518_0041/wandb/run-20260518_004525-phase5_3_20260518_0041_decoupled_dynamics_friction/logs
/home/zjy/document/tactile-grasp/sparsh-force-slip/reports/phase5/phase5_3_heldout_generalization/phase5_3_heldout_generalization_report.md
