/home/zjy/document/sparsh/tactile_ssl/model/layers/swiglu_ffn.py:43: UserWarning: xFormers is available (SwiGLU)
  warnings.warn("xFormers is available (SwiGLU)")
/home/zjy/document/sparsh/tactile_ssl/model/layers/attention.py:31: UserWarning: xFormers is available (Attention)
  warnings.warn("xFormers is available (Attention)")
/home/zjy/document/sparsh/tactile_ssl/model/layers/block.py:33: UserWarning: xFormers is available (Block)
  warnings.warn("xFormers is available (Block)")
/home/zjy/document/sparsh/tactile_ssl/model/layers/decoder_block.py:32: UserWarning: xFormers is available (Block)
  warnings.warn("xFormers is available (Block)")
wandb: [wandb.login()] Loaded credentials for https://api.wandb.ai from /home/zjy/.netrc.
wandb: Currently logged in as: junyuzhuzjy (junyuzhuzjy-zhejiang-university) to https://api.wandb.ai. Use `wandb login --relogin` to force relogin
wandb: setting up run phase6_2_separate_late_fusion_20260518_0146_separate_late_fusion
wandb: Tracking run with wandb version 0.26.1
wandb: Run data is saved locally in /vla1/zjy/sparsh_runs/force_slip_phase4/phase4_2_separate_features_20260517_171500/heads/phase6_2_separate_late_fusion_20260518_0146/wandb/run-20260518_014638-phase6_2_separate_late_fusion_20260518_0146_separate_late_fusion
wandb: Run `wandb offline` to turn off syncing.
wandb: Syncing run phase6_2_separate_late_fusion_20260518_0146_separate_late_fusion
wandb: ⭐️ View project at https://wandb.ai/junyuzhuzjy-zhejiang-university/sparsh-finetune-tactile-grasp
wandb: 🚀 View run at https://wandb.ai/junyuzhuzjy-zhejiang-university/sparsh-finetune-tactile-grasp/runs/phase6_2_separate_late_fusion_20260518_0146_separate_late_fusion
wandb: updating run metadata
wandb: uploading wandb-summary.json; uploading config.yaml
wandb: uploading wandb-summary.json
wandb: uploading history steps 39-39, summary
wandb: uploading data
wandb: 
wandb: Run history:
wandb:                    epoch ▁▁▁▂▂▂▂▂▂▃▃▃▃▃▄▄▄▄▄▄▅▅▅▅▅▅▆▆▆▆▆▇▇▇▇▇▇███
wandb:               train/loss █▂▃▂▂▂▂▂▂▂▂▂▁▁▁▂▁▁▁▁▁▁▁▂▁▁▁▁▁▁▂▁▁▁▁▁▁▁▁▁
wandb:               val/H1_ece ▄▆▁▂▁▆▅▃▂▄▂▃▄▇▂▁▂▂▂▂▆▂▁▂▂▃▄▃▂▆▆▂▅▂▄▃▄▃█▂
wandb: val/H1_future_slip_auprc ▁▃▅▄▅▄▅▅▄▅▄▅▅▅▆▅▅▆▆▆▆▆▇▆▆▆▆▇▇▇▆▇▇▇▇▇██▇▆
wandb: val/H1_future_slip_auroc ▁▂▃▃▃▂▃▃▃▃▃▄▄▄▅▄▄▅▆▅▅▆▆▃▅▅▅▆▆▆▄▆▆▆▇▅▇█▇▃
wandb:    val/H1_future_slip_f1 ▂▃███▅▇▇█▇▇▇▇▄█▇█▇█▇▄█▇█▇▆▅▆▇▁▄▆▃▇▅▇██▁█
wandb:  val/H1_high_risk_recall ▁▆██████████████████████████████████████
wandb:               val/H3_ece ▂▄▁▂▁▅▄▄▂▄▂▃▅▆▂▁▂▃▂▃▆▂▃▁▃▃▅▅▂▇▆▄▇▃▅▄▃▃█▃
wandb: val/H3_future_slip_auprc ▁▃▄▄▄▄▄▄▅▅▄▅▆▆▆▆▆▆▆▆▆▇▇▇▇▆▇▇█▇▇▇▇█▇████▇
wandb: val/H3_future_slip_auroc ▁▂▃▃▃▃▃▄▄▄▄▄▄▄▅▅▅▅▆▅▅▆▆▅▆▅▆▆▇▆▆▆▆▇▇▆▇█▇▅
wandb:                       +8 ...
wandb: 
wandb: Run summary:
wandb:                    epoch 40
wandb:               train/loss 0.11989
wandb:               val/H1_ece 0.01184
wandb: val/H1_future_slip_auprc 0.9725
wandb: val/H1_future_slip_auroc 0.97347
wandb:    val/H1_future_slip_f1 0.95713
wandb:  val/H1_high_risk_recall 1
wandb:               val/H3_ece 0.03599
wandb: val/H3_future_slip_auprc 0.94023
wandb: val/H3_future_slip_auroc 0.94215
wandb:                       +8 ...
wandb: 
wandb: 🚀 View run phase6_2_separate_late_fusion_20260518_0146_separate_late_fusion at: https://wandb.ai/junyuzhuzjy-zhejiang-university/sparsh-finetune-tactile-grasp/runs/phase6_2_separate_late_fusion_20260518_0146_separate_late_fusion
wandb: ⭐️ View project at: https://wandb.ai/junyuzhuzjy-zhejiang-university/sparsh-finetune-tactile-grasp
wandb: Synced 4 W&B file(s), 0 media file(s), 0 artifact file(s) and 0 other file(s)
wandb: Find logs at: /vla1/zjy/sparsh_runs/force_slip_phase4/phase4_2_separate_features_20260517_171500/heads/phase6_2_separate_late_fusion_20260518_0146/wandb/run-20260518_014638-phase6_2_separate_late_fusion_20260518_0146_separate_late_fusion/logs
wandb: WARNING Changes to your `wandb` environment variables will be ignored because your `wandb` session has already started. For more information on how to modify your settings with `wandb.init()` arguments, please refer to https://wandb.me/wandb-init.
wandb: setting up run phase6_2_decoupled_static_20260518_0146_decoupled_static
wandb: Tracking run with wandb version 0.26.1
wandb: Run data is saved locally in /vla1/zjy/sparsh_runs/force_slip_phase4/phase4_3_reuse_p3_features_20260517_171500/heads/phase6_2_decoupled_static_20260518_0146/wandb/run-20260518_014803-phase6_2_decoupled_static_20260518_0146_decoupled_static
wandb: Run `wandb offline` to turn off syncing.
wandb: Syncing run phase6_2_decoupled_static_20260518_0146_decoupled_static
wandb: ⭐️ View project at https://wandb.ai/junyuzhuzjy-zhejiang-university/sparsh-finetune-tactile-grasp
wandb: 🚀 View run at https://wandb.ai/junyuzhuzjy-zhejiang-university/sparsh-finetune-tactile-grasp/runs/phase6_2_decoupled_static_20260518_0146_decoupled_static
wandb: updating run metadata
wandb: uploading wandb-summary.json; uploading config.yaml
wandb: uploading history steps 39-39, summary
wandb: 
wandb: Run history:
wandb:                    epoch ▁▁▁▂▂▂▂▂▂▃▃▃▃▃▄▄▄▄▄▄▅▅▅▅▅▅▆▆▆▆▆▇▇▇▇▇▇███
wandb:               train/loss █▃▃▂▂▂▂▂▂▁▁▁▁▁▁▁▁▁▁▁▁▁▁▁▁▁▁▁▁▁▁▁▁▁▁▁▁▁▁▁
wandb:               val/H1_ece ▆▄▁▂▂▂▁▄▂▁▁▂▂▂▂▂▂▁▂▂▂▂▂▃▂█▂▂▄▂▂▂▂▂▁▂▂▂▁▂
wandb: val/H1_future_slip_auprc ▁▄▆▆▇▆▇▇▇▇▇▇▇▇▇▇▇▇█▇▇▇▇▇▇▇▇▇▇▇▇▇▇█████▇█
wandb: val/H1_future_slip_auroc ▁▃▅▅▅▅▅▅▆▆▆▅▆▆▆▆▆▇▇▆▆▇▆▆▇▆▆▇▇▇▆▇▇█▇▇██▆█
wandb:    val/H1_future_slip_f1 ▅▁█▇▇▇▇▅▇▇▇▇▇▇▇▇▇▇▇▇▆▇▇▅█▁▇▇▆▇▆▇██▇██▇▇▇
wandb:  val/H1_high_risk_recall █▁██████████████████████████████████████
wandb:               val/H3_ece ▃▃▁▂▁▃▂▄▂▂▂▂▁▃▂▂▂▂▃▂▃▂▂▅▃█▂▃▄▃▄▃▃▂▄▃▂▃▃▄
wandb: val/H3_future_slip_auprc ▁▄▆▅▆▆▆▆▆▆▆▆▇▇▇▇▇▇▇▇▇▇▇▇▇▇▇▇▇▇▇▇▇█▇████▇
wandb: val/H3_future_slip_auroc ▁▃▄▄▄▅▄▄▅▅▆▅▅▆▆▆▆▆▆▆▆▇▆▆▇▆▇▆▇▇▆▆▇█▇███▇▇
wandb:                       +8 ...
wandb: 
wandb: Run summary:
wandb:                    epoch 40
wandb:               train/loss 0.1062
wandb:               val/H1_ece 0.01595
wandb: val/H1_future_slip_auprc 0.97805
wandb: val/H1_future_slip_auroc 0.98301
wandb:    val/H1_future_slip_f1 0.95676
wandb:  val/H1_high_risk_recall 1
wandb:               val/H3_ece 0.07512
wandb: val/H3_future_slip_auprc 0.94479
wandb: val/H3_future_slip_auroc 0.953
wandb:                       +8 ...
wandb: 
wandb: 🚀 View run phase6_2_decoupled_static_20260518_0146_decoupled_static at: https://wandb.ai/junyuzhuzjy-zhejiang-university/sparsh-finetune-tactile-grasp/runs/phase6_2_decoupled_static_20260518_0146_decoupled_static
wandb: ⭐️ View project at: https://wandb.ai/junyuzhuzjy-zhejiang-university/sparsh-finetune-tactile-grasp
wandb: Synced 4 W&B file(s), 0 media file(s), 0 artifact file(s) and 0 other file(s)
wandb: Find logs at: /vla1/zjy/sparsh_runs/force_slip_phase4/phase4_3_reuse_p3_features_20260517_171500/heads/phase6_2_decoupled_static_20260518_0146/wandb/run-20260518_014803-phase6_2_decoupled_static_20260518_0146_decoupled_static/logs
wandb: WARNING Changes to your `wandb` environment variables will be ignored because your `wandb` session has already started. For more information on how to modify your settings with `wandb.init()` arguments, please refer to https://wandb.me/wandb-init.
wandb: setting up run phase6_2_decoupled_dynamics_20260518_0146_decoupled_dynamics
wandb: Tracking run with wandb version 0.26.1
wandb: Run data is saved locally in /vla1/zjy/sparsh_runs/force_slip_phase4/phase4_3_reuse_p3_features_20260517_171500/heads/phase6_2_decoupled_dynamics_20260518_0146/wandb/run-20260518_014922-phase6_2_decoupled_dynamics_20260518_0146_decoupled_dynamics
wandb: Run `wandb offline` to turn off syncing.
wandb: Syncing run phase6_2_decoupled_dynamics_20260518_0146_decoupled_dynamics
wandb: ⭐️ View project at https://wandb.ai/junyuzhuzjy-zhejiang-university/sparsh-finetune-tactile-grasp
wandb: 🚀 View run at https://wandb.ai/junyuzhuzjy-zhejiang-university/sparsh-finetune-tactile-grasp/runs/phase6_2_decoupled_dynamics_20260518_0146_decoupled_dynamics
wandb: updating run metadata
wandb: uploading wandb-summary.json; uploading config.yaml
wandb: uploading history steps 39-39, summary
wandb: 
wandb: Run history:
wandb:                    epoch ▁▁▁▂▂▂▂▂▂▃▃▃▃▃▄▄▄▄▄▄▅▅▅▅▅▅▆▆▆▆▆▇▇▇▇▇▇███
wandb:               train/loss █▃▃▃▃▃▂▂▂▂▂▂▂▂▂▂▂▂▂▂▂▂▂▂▁▃▁▁▁▁▁▃▁▁▁▁▁▁▁▁
wandb:               val/H1_ece ▆█▇▂▃▂▁▂▁▂▂▂▂▂▂▃▃▂▃▂▂▃▁▅▂▂▁▁▂▂▁▂▁▁▃▁▁▁▁▁
wandb: val/H1_future_slip_auprc ▁▃▃▄▄▄▄▄▅▅▅▅▅▅▆▅▆▆▅▆▇▇▇▇▇▆▇▇▆▇█▇▇▇██████
wandb: val/H1_future_slip_auroc ▁▂▂▃▃▄▄▄▅▅▅▅▆▆▆▆▇▆▆▇▇▇▇▇█▇▇█▇██▇▇███████
wandb:    val/H1_future_slip_f1 ▁▅▂▇▅▆▆▆▆▆▅▅▅▆▅▂▄▅▅▆▅▅▆▄▆▇▆▆▇▆▇▆▆▆▆▇▇███
wandb:  val/H1_high_risk_recall ▁███████████████████████████████████████
wandb:               val/H3_ece ▃▆▆▁▃▂▁▂▁▁▃▁▃▁▃▅▆▂▂▃▂▃▂█▄▁▂▃▁▄▂▁▁▁▅▂▁▂▃▂
wandb: val/H3_future_slip_auprc ▁▃▃▃▃▄▄▄▄▄▅▅▅▅▅▅▆▅▅▆▆▆▆▆▇▆▇▇▆▇▇▇▇▇██████
wandb: val/H3_future_slip_auroc ▁▂▂▃▃▃▃▄▄▅▅▅▅▅▆▅▆▆▅▆▆▆▇▆▇▆▇▇▆▇█▇▇███████
wandb:                       +8 ...
wandb: 
wandb: Run summary:
wandb:                    epoch 40
wandb:               train/loss 0.05582
wandb:               val/H1_ece 0.00664
wandb: val/H1_future_slip_auprc 0.99477
wandb: val/H1_future_slip_auroc 0.99782
wandb:    val/H1_future_slip_f1 0.9659
wandb:  val/H1_high_risk_recall 1
wandb:               val/H3_ece 0.02222
wandb: val/H3_future_slip_auprc 0.98664
wandb: val/H3_future_slip_auroc 0.99243
wandb:                       +8 ...
wandb: 
wandb: 🚀 View run phase6_2_decoupled_dynamics_20260518_0146_decoupled_dynamics at: https://wandb.ai/junyuzhuzjy-zhejiang-university/sparsh-finetune-tactile-grasp/runs/phase6_2_decoupled_dynamics_20260518_0146_decoupled_dynamics
wandb: ⭐️ View project at: https://wandb.ai/junyuzhuzjy-zhejiang-university/sparsh-finetune-tactile-grasp
wandb: Synced 4 W&B file(s), 0 media file(s), 0 artifact file(s) and 0 other file(s)
wandb: Find logs at: /vla1/zjy/sparsh_runs/force_slip_phase4/phase4_3_reuse_p3_features_20260517_171500/heads/phase6_2_decoupled_dynamics_20260518_0146/wandb/run-20260518_014922-phase6_2_decoupled_dynamics_20260518_0146_decoupled_dynamics/logs
wandb: WARNING Changes to your `wandb` environment variables will be ignored because your `wandb` session has already started. For more information on how to modify your settings with `wandb.init()` arguments, please refer to https://wandb.me/wandb-init.
wandb: setting up run phase6_2_decoupled_dynamics_friction_20260518_0146_decoupled_dynamics_friction
wandb: Tracking run with wandb version 0.26.1
wandb: Run data is saved locally in /vla1/zjy/sparsh_runs/force_slip_phase6/phase6_2_friction_features_20260518_0146/heads/phase6_2_decoupled_dynamics_friction_20260518_0146/wandb/run-20260518_015040-phase6_2_decoupled_dynamics_friction_20260518_0146_decoupled_dynamics_friction
wandb: Run `wandb offline` to turn off syncing.
wandb: Syncing run phase6_2_decoupled_dynamics_friction_20260518_0146_decoupled_dynamics_friction
wandb: ⭐️ View project at https://wandb.ai/junyuzhuzjy-zhejiang-university/sparsh-finetune-tactile-grasp
wandb: 🚀 View run at https://wandb.ai/junyuzhuzjy-zhejiang-university/sparsh-finetune-tactile-grasp/runs/phase6_2_decoupled_dynamics_friction_20260518_0146_decoupled_dynamics_friction
wandb: updating run metadata
wandb: uploading wandb-summary.json; uploading config.yaml
wandb: uploading history steps 39-39, summary
wandb: 
wandb: Run history:
wandb:                    epoch ▁▁▁▂▂▂▂▂▂▃▃▃▃▃▄▄▄▄▄▄▅▅▅▅▅▅▆▆▆▆▆▇▇▇▇▇▇███
wandb:               train/loss █▃▃▃▄▃▃▂▂▂▂▂▂▂▃▂▂▃▂▂▂▂▂▃▂▁▁▂▂▁▁▂▁▁▂▁▁▁▁▁
wandb:               val/H1_ece ▅▆▃▂▃▃▂▂▂▃▂▃▅▂█▂▂▄▃▂▃▂▃▂▃▁▁▁▁▂▂▂▇▂▂▁▁▁▃▁
wandb: val/H1_future_slip_auprc ▁▃▃▄▃▃▄▄▄▅▅▅▅▆▄▆▆▅▆▆▆▆▆▆▇▇▇▆▇▇█▇████████
wandb: val/H1_future_slip_auroc ▁▃▃▄▃▃▄▄▄▅▅▅▆▆▄▆▆▆▆▇▇▆▇▇▇▇▇▇▇██▇████████
wandb:    val/H1_future_slip_f1 ▁▇▆▇▅▇▆▆▆▇▆█▅▇▃▆▆▄▅▆▆▇█▆▇▇▇▇▇▇█▇▆▇▇███▇█
wandb:  val/H1_high_risk_recall ▁███████████████████████████████████████
wandb:               val/H3_ece ▃▄▃▁▃▂▃▂▄▂▃▂█▂▅▂▃▅▇▂▅▂▃▃▆▁▃▂▃▂▄▁█▁▅▂▂▁▆▁
wandb: val/H3_future_slip_auprc ▁▃▃▃▃▃▃▄▄▄▄▄▅▅▄▅▆▅▆▆▆▆▆▆▇▇▇▆▇▇▇▇██████▇█
wandb: val/H3_future_slip_auroc ▁▂▂▃▃▃▃▄▄▄▅▅▅▆▄▆▆▅▆▆▆▆▇▆▇▇▇▇▇▇█▇████████
wandb:                       +8 ...
wandb: 
wandb: Run summary:
wandb:                    epoch 40
wandb:               train/loss 0.05754
wandb:               val/H1_ece 0.00556
wandb: val/H1_future_slip_auprc 0.99457
wandb: val/H1_future_slip_auroc 0.99772
wandb:    val/H1_future_slip_f1 0.96441
wandb:  val/H1_high_risk_recall 1
wandb:               val/H3_ece 0.01522
wandb: val/H3_future_slip_auprc 0.98548
wandb: val/H3_future_slip_auroc 0.99155
wandb:                       +8 ...
wandb: 
wandb: 🚀 View run phase6_2_decoupled_dynamics_friction_20260518_0146_decoupled_dynamics_friction at: https://wandb.ai/junyuzhuzjy-zhejiang-university/sparsh-finetune-tactile-grasp/runs/phase6_2_decoupled_dynamics_friction_20260518_0146_decoupled_dynamics_friction
wandb: ⭐️ View project at: https://wandb.ai/junyuzhuzjy-zhejiang-university/sparsh-finetune-tactile-grasp
wandb: Synced 4 W&B file(s), 0 media file(s), 0 artifact file(s) and 0 other file(s)
wandb: Find logs at: /vla1/zjy/sparsh_runs/force_slip_phase6/phase6_2_friction_features_20260518_0146/heads/phase6_2_decoupled_dynamics_friction_20260518_0146/wandb/run-20260518_015040-phase6_2_decoupled_dynamics_friction_20260518_0146_decoupled_dynamics_friction/logs
/home/zjy/document/tactile-grasp/sparsh-force-slip/reports/phase6/phase6_2_heldout_sharp_generalization/phase6_2_heldout_sharp_generalization_report.md
